Hello, VoidScript!
Sum: 8
Product: 28
Nested result: 9
