Numbers array:
  1
  2
  3
  4
  5
Fruits array:
  apple
  banana
  cherry
First number: 1
Second fruit: banana
Modified first number: 10
Modified third fruit: grape
Numbers array has 5 elements
Fruits array has 3 elements