Max size: 100
App name: VoidScript Compiler Test
Debug mode: true
Pi value: 3.14159
Circle area (radius 5): 78.5398
Debug information enabled
Buffer contents:
  0
  2
  4
  6
  8