=== VoidScript Comprehensive Test v1 ===
1. Testing basic operations
Message: Testing
Success: true

2. Testing fibonacci function
fibonacci(0) = 0
fibonacci(1) = 1
fibonacci(2) = 1
fibonacci(3) = 2
fibonacci(4) = 3
fibonacci(5) = 5

3. Testing array processing
Processing array:
  Value: 1, Doubled: 2
  Value: 2, Doubled: 4
  Value: 3, Doubled: 6
  Value: 4, Doubled: 8
  Value: 5, Doubled: 10
Total values processed: 5

4. Testing class operations
Running test: Comprehensive Test
Test result: true
Tests run: 1

5. Testing object operations
Configuration:
  mode: test
  timeout: 30
  verbose: true

=== Test Complete ===